src/services/paymentService.ts(913,11): error TS18004: No value exists in scope for the shorthand property 'dueDate'. Either declare one or provide an initializer.
src/services/paymentService.ts(925,10): error TS2304: Cannot find name 'parentRate'.
src/services/paymentService.ts(937,9): error TS18004: No value exists in scope for the shorthand property 'dueDate'. Either declare one or provide an initializer.
